---
source: src/api/snapshot_tests.rs
expression: "IrrigationSnapshot::default()"
---
{
  "flow": {
    "rate_gpm": null,
    "rate_source_id": null,
    "total_gal_today": null,
    "total_source_id": null
  },
  "last_refresh_epoch": 0,
  "ha_reachable": false,
  "restart_required": false,
  "restart_reasons": [],
  "timezone": "",
  "tempest_last_seen_epoch": 0,
  "station_serial": "",
  "forecast_last_seen_epoch": 0,
  "next_run_epoch": 0,
  "next_run_state": "at",
  "next_run_day_offset": null,
  "restriction_allowed_days": null,
  "next_run_total_minutes": 0.0,
  "master_enable": false,
  "iu_enabled": false,
  "iu_suspended": false,
  "water_level_pct": null,
  "water_level_capable": false,
  "flow_meter": false,
  "flow_connected": false,
  "flow_gpm": null,
  "zones": [],
  "skip_check": {
    "temp_now_f": 0.0,
    "wind_now_mph": 0.0,
    "rain_today_in": 0.0,
    "rain_today_forecast_in": null,
    "rain_intensity_now_in_hr": null,
    "humidity_now_pct": 0.0,
    "forecast_in": null,
    "rain_tomorrow_prob_pct": null,
    "rain_3day_weighted_in": null,
    "rain_7day_weighted_in": null,
    "rain_next_4h_in": null,
    "rain_observed_recent_in": 0.0,
    "wind_max_today_mph": 0.0,
    "wind_window_max_mph": null,
    "run_window": "pre_dawn",
    "window_min_temp_f": null,
    "temp_min_24h_f": 0.0,
    "temp_min_24h_valid": false,
    "temp_max_3day_f": 0.0,
    "days_since_significant_rain": 0,
    "heat_index_now_f": 0.0,
    "heat_index_max_3day_f": 0.0,
    "max_wind_mph": 0.0,
    "min_temp_f": 0.0,
    "rain_skip_in": 0.0,
    "already_wet_in": 0.0,
    "rain_next_4h_skip_in": 0.0,
    "wind_forecast_slack_mph": 0.0,
    "rain_observed_window_days": 0,
    "soil_probe_configured": {},
    "soil_probe_holds": {},
    "planning_forecast_unavailable": [],
    "soil_temp_yard_min_f": null,
    "soil_temp_yard_max_f": null,
    "frost_skip_soil_f": 0.0,
    "is_paused": false,
    "is_dry_run": false,
    "script_hold": null,
    "will_skip": false,
    "verdict": "",
    "reason": "",
    "reason_code": ""
  },
  "forecast": {
    "rain_today_tempest_in": 0.0,
    "rain_today_om_in": null,
    "station_source_label": "",
    "forecast_source_label": "",
    "rain_intensity_in_hr": null,
    "rain_type": "",
    "rain_is_live": false,
    "rain_nature": "model",
    "rain_tomorrow_in": null,
    "rain_3day_in": null,
    "eto_today_mm": null,
    "eto_tomorrow_mm": 0.0,
    "eto_3day_avg_mm": 0.0,
    "temp_max_today_f": null,
    "temp_min_today_f": null,
    "wind_max_today_mph": null,
    "wind_gust_today_mph": 0.0,
    "humidity_mean_today_pct": null,
    "rain_3day_weighted_in": null,
    "rain_7day_weighted_in": null,
    "rain_next_4h_in": null,
    "rain_tomorrow_prob_pct": null,
    "temp_min_24h_f": null,
    "temp_max_3day_f": null,
    "humidity_now_pct": null,
    "heat_index_now_f": null,
    "heat_index_max_3day_f": null,
    "heat_multiplier": 0.0,
    "days_since_significant_rain": 0,
    "eto_spent_today_mm": 0.0,
    "vpd_now_kpa": 0.0,
    "vpd_max_today_kpa": 0.0,
    "soil_temp_6cm_now_f": 0.0,
    "soil_moisture_3_9_now_vwc": 0.0,
    "soil_moisture_3_9_in48h_vwc": 0.0
  },
  "today_window": null,
  "seven_day_verdicts": [],
  "soil_forecasts": [],
  "water_budgets": [],
  "pause_until_epoch": 0,
  "override_tomorrow": "",
  "override_helpers_present": false,
  "ha_adoption": [],
  "controls_persisted": false,
  "ha_adoption_awaiting_config": false,
  "global_override": "",
  "decision_trace": null,
  "zone_verdicts": [],
  "soil_probe_faults": [],
  "units": "imperial",
  "field_sources": {},
  "current_weather": null,
  "force_overrode_guard": null
}
