---
source: src/api/snapshot_tests.rs
expression: info
---
{
  "service": "localsky",
  "service_version": "0.0.0-test",
  "api_version": "0.0.0-test",
  "api_prefix": "/api/v1",
  "license": "Apache-2.0",
  "repository": "https://github.com/silenthooligan/localsky",
  "dry_run": false,
  "demo": false,
  "auth_required": false,
  "uuid": "00000000-0000-0000-0000-000000000000",
  "has_irrigation": false,
  "nerd_mode_default": false
}
