---
source: src/api/snapshot_tests.rs
assertion_line: 319
expression: metas
---
[
  {
    "kind": "nws",
    "data_nature": "observation",
    "rain_nature": "observation",
    "real_time": "Real station report, refreshed about hourly, can lag 30 to 90 minutes.",
    "localization": "Nearest official station, often an airport 5 to 30 miles away.",
    "watering_risk": "A real measurement, but from a station that may miss the rain on your yard.",
    "key_tier": "no_key",
    "emits_current_rain": true,
    "pop_is_synthetic": false,
    "honesty_rank": 60,
    "irrigation_rank": 80,
    "upgrade_reason": null
  },
  {
    "kind": "ambient_weather",
    "data_nature": "observation",
    "rain_nature": "observation",
    "real_time": "Your own Ambient Weather station, polled about every minute through their cloud.",
    "localization": "Your exact yard: it is your physical station, not a grid estimate.",
    "watering_risk": "A real on-site measurement, the same gauge a direct LAN hookup would read, just routed through the vendor cloud.",
    "key_tier": "free_key",
    "emits_current_rain": true,
    "pop_is_synthetic": false,
    "honesty_rank": 59,
    "irrigation_rank": 85,
    "upgrade_reason": null
  },
  {
    "kind": "netatmo",
    "data_nature": "observation",
    "rain_nature": "observation",
    "real_time": "Your own Netatmo station, read from their cloud as its modules report.",
    "localization": "Your exact yard: it is your physical station, not a grid estimate.",
    "watering_risk": "A real on-site measurement from your own station, routed through the Netatmo cloud.",
    "key_tier": "free_key",
    "emits_current_rain": true,
    "pop_is_synthetic": false,
    "honesty_rank": 58,
    "irrigation_rank": 85,
    "upgrade_reason": null
  },
  {
    "kind": "lacrosse",
    "data_nature": "observation",
    "rain_nature": "observation",
    "real_time": "Your own La Crosse station, read from the La Crosse View cloud as it reports.",
    "localization": "Your exact yard: it is your physical station, not a grid estimate.",
    "watering_risk": "A real on-site measurement from your own station, routed through the La Crosse View cloud.",
    "key_tier": "free_key",
    "emits_current_rain": true,
    "pop_is_synthetic": false,
    "honesty_rank": 57,
    "irrigation_rank": 85,
    "upgrade_reason": null
  },
  {
    "kind": "synoptic",
    "data_nature": "observation",
    "rain_nature": "observation",
    "real_time": "Real station report from a dense mesonet, refreshed about every 10 minutes, can lag up to an hour.",
    "localization": "Nearest reporting station in a dense mesonet, usually closer than the one official airport.",
    "watering_risk": "A real measurement of wind, pressure, temperature and humidity, but it reports no rain gauge, so it never settles whether rain hit your yard.",
    "key_tier": "free_key",
    "emits_current_rain": false,
    "pop_is_synthetic": false,
    "honesty_rank": 56,
    "irrigation_rank": 35,
    "upgrade_reason": null
  },
  {
    "kind": "noaa_mrms",
    "data_nature": "radar_qpe",
    "rain_nature": "radar_qpe",
    "real_time": "Instant radar rain rate refreshed every couple minutes, plus a gauge-corrected hourly rainfall total.",
    "localization": "A 1 km national radar grid, sees the rain on your block, not just a distant airport.",
    "watering_risk": "The best off-yard read of whether rain actually fell here, short of your own gauge: a live radar rate plus an accurate hourly total.",
    "key_tier": "no_key",
    "emits_current_rain": true,
    "pop_is_synthetic": false,
    "honesty_rank": 55,
    "irrigation_rank": 90,
    "upgrade_reason": null
  },
  {
    "kind": "pirate_weather",
    "data_nature": "nowcast",
    "rain_nature": "forecast",
    "real_time": "A 15-minute analysis from live radar and station reports, only seconds of lag in the US.",
    "localization": "About a 3 km grid in the US, catches a local cell far better than one distant station.",
    "watering_risk": "Its rain is a model forecast, not a measurement, so a real gauge still settles whether rain hit your yard.",
    "key_tier": "free_key",
    "emits_current_rain": true,
    "pop_is_synthetic": false,
    "honesty_rank": 50,
    "irrigation_rank": 70,
    "upgrade_reason": "A free key sharpens the live temp and wind reads in the US, even though its rain is a forecast."
  },
  {
    "kind": "openweather",
    "data_nature": "forecast",
    "rain_nature": "forecast",
    "real_time": "A blended estimate recomputed about every 10 minutes.",
    "localization": "A roughly 500 m to 2 km cell, close to your yard, but still computed.",
    "watering_risk": "Hyperlocal estimate, but a real gauge still settles whether rain hit your yard.",
    "key_tier": "paid",
    "emits_current_rain": true,
    "pop_is_synthetic": false,
    "honesty_rank": 40,
    "irrigation_rank": 50,
    "upgrade_reason": null
  },
  {
    "kind": "weatherkit",
    "data_nature": "forecast",
    "rain_nature": "forecast",
    "real_time": "A blended estimate refreshed frequently through the day.",
    "localization": "The most location-precise cloud option, tuned to your coordinates, but still an algorithm.",
    "watering_risk": "Most precise cloud estimate, but still a prediction, so an on-site gauge can disagree. Weather data provided by Apple Weather (weatherkit.apple.com/legal-attribution.html).",
    "key_tier": "paid",
    "emits_current_rain": true,
    "pop_is_synthetic": false,
    "honesty_rank": 30,
    "irrigation_rank": 60,
    "upgrade_reason": null
  },
  {
    "kind": "open_meteo",
    "data_nature": "forecast",
    "rain_nature": "forecast",
    "real_time": "A model value for the current interval, refreshed every 1 to 6 hours depending on region.",
    "localization": "A model grid cell roughly 2 to 13 km near you, never a direct measurement.",
    "watering_risk": "Treat its rain as a forecast, not proof: it can report rain that did not fall or miss a small cell.",
    "key_tier": "no_key",
    "emits_current_rain": true,
    "pop_is_synthetic": false,
    "honesty_rank": 20,
    "irrigation_rank": 40,
    "upgrade_reason": null
  },
  {
    "kind": "met_norway",
    "data_nature": "forecast",
    "rain_nature": "forecast",
    "real_time": "A model value for the current hour, no observation, refreshed about hourly.",
    "localization": "About 2.5 km in the Nordics, but a coarse 9 km or more for a US yard.",
    "watering_risk": "Weakest for a US yard, coarse grid and a fabricated rain probability, use only as a forecast backup.",
    "key_tier": "no_key",
    "emits_current_rain": false,
    "pop_is_synthetic": true,
    "honesty_rank": 10,
    "irrigation_rank": 30,
    "upgrade_reason": null
  }
]
