---
source: src/api/snapshot_tests.rs
expression: budgets
---
[
  {
    "zone_slug": "front_yard",
    "zone_name": "Front Yard",
    "mode_active": false,
    "weekly_budget_in": 0.0,
    "sessions_per_week": 0,
    "expected_rain_mm": 0.0,
    "needed_mm": 0.0,
    "mm_per_session": 0.0,
    "seconds_per_session": 0,
    "session_capped": false,
    "last_run_epoch": 0,
    "today_seconds": 0,
    "today_reason": "",
    "observed_rain_mm": 0.0,
    "observed_rain_source": "",
    "observed_rain_credited_mm": 0.0,
    "rain_credit_cap_mm": 0.0,
    "rain_cap_inferred": false,
    "applied_mm": 0.0,
    "forecast_credit_mm": 0.0,
    "forecast_credit_source": "",
    "bias_multiplier": 0.0,
    "bias_sample_count": 0,
    "remaining_sessions": 0,
    "target_inferred": false,
    "scheduling_model": "",
    "soil_depletion_mm": null,
    "soil_taw_mm": null,
    "soil_raw_mm": null,
    "soil_due": false,
    "soil_planned_seconds": 0,
    "soil_deferred_reason": null,
    "soil_deferred_kind": null,
    "soil_ceiling_binding": false
  },
  {
    "zone_slug": "back_yard",
    "zone_name": "Back Yard",
    "mode_active": true,
    "weekly_budget_in": 1.0,
    "sessions_per_week": 2,
    "expected_rain_mm": 4.5,
    "needed_mm": 16.4,
    "mm_per_session": 8.2,
    "seconds_per_session": 2952,
    "session_capped": false,
    "last_run_epoch": 1750000000,
    "today_seconds": 2952,
    "today_reason": "session 1 of 2 this week: 8.2 mm over 49 min",
    "observed_rain_mm": 30.48,
    "observed_rain_source": "gauge",
    "observed_rain_credited_mm": 9.0,
    "rain_credit_cap_mm": 9.0,
    "rain_cap_inferred": true,
    "applied_mm": 0.0,
    "forecast_credit_mm": 0.0,
    "forecast_credit_source": "none",
    "bias_multiplier": 1.0,
    "bias_sample_count": 6,
    "remaining_sessions": 2,
    "target_inferred": false,
    "scheduling_model": "weekly",
    "soil_depletion_mm": 5.2,
    "soil_taw_mm": 9.0,
    "soil_raw_mm": 4.5,
    "soil_due": true,
    "soil_planned_seconds": 1783,
    "soil_deferred_reason": null,
    "soil_deferred_kind": null,
    "soil_ceiling_binding": false
  },
  {
    "zone_slug": "side_yard",
    "zone_name": "Side Yard",
    "mode_active": true,
    "weekly_budget_in": 1.3,
    "sessions_per_week": 2,
    "expected_rain_mm": 0.0,
    "needed_mm": 0.0,
    "mm_per_session": 0.0,
    "seconds_per_session": 0,
    "session_capped": false,
    "last_run_epoch": 0,
    "today_seconds": 0,
    "today_reason": "deferred: forecast rain refills the deficit (3.2 of 5.1 mm expected)",
    "observed_rain_mm": 0.0,
    "observed_rain_source": "",
    "observed_rain_credited_mm": 0.0,
    "rain_credit_cap_mm": 0.0,
    "rain_cap_inferred": false,
    "applied_mm": 0.0,
    "forecast_credit_mm": 0.0,
    "forecast_credit_source": "",
    "bias_multiplier": 0.0,
    "bias_sample_count": 0,
    "remaining_sessions": 0,
    "target_inferred": false,
    "scheduling_model": "soil",
    "soil_depletion_mm": 5.1,
    "soil_taw_mm": 9.0,
    "soil_raw_mm": 4.5,
    "soil_due": true,
    "soil_planned_seconds": 0,
    "soil_deferred_reason": "deferred: forecast rain refills the deficit (3.2 of 5.1 mm expected)",
    "soil_deferred_kind": null,
    "soil_ceiling_binding": true
  }
]
