---
source: src/api/snapshot_tests.rs
assertion_line: 63
expression: "IrrigationSnapshot::default()"
---
{
  "last_refresh_epoch": 0,
  "ha_reachable": false,
  "timezone": "",
  "tempest_last_seen_epoch": 0,
  "station_serial": "",
  "forecast_last_seen_epoch": 0,
  "next_run_epoch": 0,
  "next_run_total_minutes": 0.0,
  "master_enable": false,
  "iu_enabled": false,
  "iu_suspended": false,
  "water_level_pct": 0.0,
  "flow_meter": false,
  "flow_gpm": null,
  "zones": [],
  "skip_check": {
    "temp_now_f": 0.0,
    "wind_now_mph": 0.0,
    "rain_today_in": 0.0,
    "rain_intensity_now_in_hr": 0.0,
    "humidity_now_pct": 0.0,
    "forecast_in": 0.0,
    "rain_tomorrow_prob_pct": 0,
    "rain_3day_weighted_in": 0.0,
    "rain_7day_weighted_in": 0.0,
    "rain_next_4h_in": 0.0,
    "rain_observed_recent_in": 0.0,
    "wind_max_today_mph": 0.0,
    "temp_min_24h_f": 0.0,
    "temp_min_24h_valid": false,
    "temp_max_3day_f": 0.0,
    "days_since_significant_rain": 0,
    "heat_index_now_f": 0.0,
    "heat_index_max_3day_f": 0.0,
    "max_wind_mph": 0.0,
    "min_temp_f": 0.0,
    "rain_skip_in": 0.0,
    "soil_temp_yard_min_f": null,
    "soil_temp_yard_max_f": null,
    "frost_skip_soil_f": 0.0,
    "is_paused": false,
    "is_dry_run": false,
    "will_skip": false,
    "verdict": "",
    "reason": "",
    "reason_code": ""
  },
  "forecast": {
    "rain_today_tempest_in": 0.0,
    "rain_today_om_in": 0.0,
    "station_source_label": "",
    "forecast_source_label": "",
    "rain_intensity_in_hr": 0.0,
    "rain_type": "",
    "rain_is_live": false,
    "rain_nature": "model",
    "rain_tomorrow_in": 0.0,
    "rain_3day_in": 0.0,
    "eto_today_mm": 0.0,
    "eto_tomorrow_mm": 0.0,
    "eto_3day_avg_mm": 0.0,
    "temp_max_today_f": 0.0,
    "temp_min_today_f": 0.0,
    "wind_max_today_mph": 0.0,
    "wind_gust_today_mph": 0.0,
    "humidity_mean_today_pct": 0.0,
    "rain_3day_weighted_in": 0.0,
    "rain_7day_weighted_in": 0.0,
    "rain_next_4h_in": 0.0,
    "rain_tomorrow_prob_pct": 0,
    "temp_min_24h_f": 0.0,
    "temp_max_3day_f": 0.0,
    "humidity_now_pct": 0.0,
    "heat_index_now_f": 0.0,
    "heat_index_max_3day_f": 0.0,
    "heat_multiplier": 0.0,
    "days_since_significant_rain": 0
  },
  "seven_day_verdicts": [],
  "soil_forecasts": [],
  "water_budgets": [],
  "pause_until_epoch": 0,
  "override_tomorrow": "",
  "override_helpers_present": false,
  "global_override": "",
  "decision_trace": null,
  "zone_verdicts": [],
  "soil_probe_faults": [],
  "units": "imperial",
  "field_sources": {},
  "force_overrode_guard": null
}
